// Jest Snapshot v1, https://goo.gl/fbAQLP

exports[`Counter.vue renders component 1`] = `
<div>
  <div>
    <span
      class="count"
      data-testid="count"
    >
      0
    </span>
  </div>
   
  <div
    class="buttons__wrapper"
  >
    <button
      class="increment"
    >
      Increments
    </button>
     
    <button
      class="decrement"
    >
      Decrements
    </button>
     
    <button
      class="reset"
    >
      Reset
    </button>
  </div>
</div>
`;
